??Next.js 16.1.6 (Turbopack)
- Environments: .env.local

  Creating an optimized production build ...
??Compiled successfully in 6.4s
  Running TypeScript ...
  Collecting page data using 15 workers ...
Firebase Admin initialized with local serviceAccountKey.json
Firebase Admin initialized with local serviceAccountKey.json
  Generating static pages using 15 workers (0/18) ...
  Generating static pages using 15 workers (4/18) 
  Generating static pages using 15 workers (8/18) 
  Generating static pages using 15 workers (13/18) 
??Generating static pages using 15 workers (18/18) in 3.9s
  Finalizing page optimization ...

Route (app)                      Revalidate  Expire
????/
????/_not-found
????/admin
??? /admin/apartments/[name]
??? /admin/edit-report/[id]
????/admin/report
??? /api/apartments-by-dong
??? /api/apartments-sync
??? /api/cron/sync-transactions
??? /api/debug-reports
??? /api/location-scores
??? /api/payment/confirm
??? /api/report-view
??? /api/test-names
????/api/transaction-summary
????/api/type-map                        1d      1y
??? /lounge/[id]
????/payment/fail
????/payment/success
????/write-report
??? /zone/[id]


?? (Static)   prerendered as static content
?  (Dynamic)  server-rendered on demand

